// Jest Snapshot v1, https://goo.gl/fbAQLP

exports[`Loot render properly 1`] = `ShallowWrapper {}`;
